[2026-04-14T12:24:15.464+0000][0.038s] CardTable entry size: 512
[2026-04-14T12:24:15.465+0000][0.039s] Using G1
[2026-04-14T12:24:15.525+0000][0.099s] Version: 25.0.2+10-LTS (release)
[2026-04-14T12:24:15.525+0000][0.099s] CPUs: 24 total, 24 available
[2026-04-14T12:24:15.525+0000][0.099s] Memory: 15542M
[2026-04-14T12:24:15.525+0000][0.099s] Large Page Support: Disabled
[2026-04-14T12:24:15.525+0000][0.099s] NUMA Support: Disabled
[2026-04-14T12:24:15.526+0000][0.099s] Compressed Oops: Enabled (32-bit)
[2026-04-14T12:24:15.526+0000][0.100s] Heap Region Size: 1M
[2026-04-14T12:24:15.526+0000][0.100s] Heap Min Capacity: 512M
[2026-04-14T12:24:15.526+0000][0.100s] Heap Initial Capacity: 512M
[2026-04-14T12:24:15.526+0000][0.100s] Heap Max Capacity: 512M
[2026-04-14T12:24:15.526+0000][0.100s] Pre-touch: Enabled
[2026-04-14T12:24:15.527+0000][0.100s] Parallel Workers: 18
[2026-04-14T12:24:15.527+0000][0.100s] Concurrent Workers: 5
[2026-04-14T12:24:15.527+0000][0.101s] Concurrent Refinement Workers: 18
[2026-04-14T12:24:15.527+0000][0.101s] Periodic GC: Disabled
[2026-04-14T12:24:15.542+0000][0.116s] CDS archive(s) mapped at: [0x0000000030000000-0x0000000030c8c000-0x0000000030c8c000), size 13156352, SharedBaseAddress: 0x0000000030000000, ArchiveRelocationMode: 1.
[2026-04-14T12:24:15.542+0000][0.116s] Compressed class space mapped at: 0x0000000031000000-0x0000000071000000, reserved size: 1073741824
[2026-04-14T12:24:15.543+0000][0.116s] UseCompressedClassPointers 1, UseCompactObjectHeaders 0
[2026-04-14T12:24:15.543+0000][0.116s] Narrow klass pointer bits 32, Max shift 3
[2026-04-14T12:24:15.543+0000][0.117s] Narrow klass base: 0x0000000030000000, Narrow klass shift: 0
[2026-04-14T12:24:15.543+0000][0.117s] Encoding Range: [0x0000000030000000 - 0x0000000130000000), (4294967296 bytes)
[2026-04-14T12:24:15.543+0000][0.117s] Klass Range:    [0x0000000030001000 - 0x0000000071000000), (1090514944 bytes)
[2026-04-14T12:24:15.543+0000][0.117s] Klass ID Range:  [4096 - 1090519033) (1090514937)
[2026-04-14T12:24:15.543+0000][0.117s] Protection zone: [0x0000000030000000 - 0x0000000030001000), (4096 bytes)
[2026-04-14T12:24:16.402+0000][0.976s] GC(0) Pause Young (Normal) (G1 Evacuation Pause)
[2026-04-14T12:24:16.403+0000][0.976s] GC(0) Using 12 workers of 18 for evacuation
[2026-04-14T12:24:16.407+0000][0.981s] GC(0)   Pre Evacuate Collection Set: 0.24ms
[2026-04-14T12:24:16.407+0000][0.981s] GC(0)   Merge Heap Roots: 0.16ms
[2026-04-14T12:24:16.407+0000][0.981s] GC(0)   Evacuate Collection Set: 2.83ms
[2026-04-14T12:24:16.407+0000][0.981s] GC(0)   Post Evacuate Collection Set: 0.86ms
[2026-04-14T12:24:16.408+0000][0.981s] GC(0)   Other: 0.24ms
[2026-04-14T12:24:16.408+0000][0.981s] GC(0) Eden regions: 60->0(213)
[2026-04-14T12:24:16.408+0000][0.982s] GC(0) Survivor regions: 0->8(8)
[2026-04-14T12:24:16.408+0000][0.982s] GC(0) Old regions: 2->8
[2026-04-14T12:24:16.408+0000][0.982s] GC(0) Humongous regions: 4->4
[2026-04-14T12:24:16.408+0000][0.982s] GC(0) Metaspace: 15727K(16128K)->15727K(16128K) NonClass: 13806K(14016K)->13806K(14016K) Class: 1920K(2112K)->1920K(2112K)
[2026-04-14T12:24:16.408+0000][0.982s] GC(0) Pause Young (Normal) (G1 Evacuation Pause) 65M->18M(512M) 6.003ms
[2026-04-14T12:24:16.408+0000][0.982s] GC(0) User=0.01s Sys=0.01s Real=0.00s
[2026-04-14T12:24:16.863+0000][1.437s] GC(1) Pause Young (Concurrent Start) (Metadata GC Threshold)
[2026-04-14T12:24:16.863+0000][1.437s] GC(1) Using 18 workers of 18 for evacuation
[2026-04-14T12:24:16.867+0000][1.441s] GC(1)   Pre Evacuate Collection Set: 0.41ms
[2026-04-14T12:24:16.868+0000][1.441s] GC(1)   Merge Heap Roots: 0.25ms
[2026-04-14T12:24:16.868+0000][1.441s] GC(1)   Evacuate Collection Set: 1.70ms
[2026-04-14T12:24:16.868+0000][1.442s] GC(1)   Post Evacuate Collection Set: 1.73ms
[2026-04-14T12:24:16.868+0000][1.442s] GC(1)   Other: 0.20ms
[2026-04-14T12:24:16.868+0000][1.442s] GC(1) Eden regions: 46->0(260)
[2026-04-14T12:24:16.868+0000][1.442s] GC(1) Survivor regions: 8->20(28)
[2026-04-14T12:24:16.868+0000][1.442s] GC(1) Old regions: 8->8
[2026-04-14T12:24:16.868+0000][1.442s] GC(1) Humongous regions: 4->4
[2026-04-14T12:24:16.869+0000][1.442s] GC(1) Metaspace: 21106K(21504K)->21106K(21504K) NonClass: 18561K(18752K)->18561K(18752K) Class: 2544K(2752K)->2544K(2752K)
[2026-04-14T12:24:16.869+0000][1.443s] GC(1) Pause Young (Concurrent Start) (Metadata GC Threshold) 64M->30M(512M) 5.867ms
[2026-04-14T12:24:16.869+0000][1.443s] GC(1) User=0.01s Sys=0.03s Real=0.00s
[2026-04-14T12:24:16.869+0000][1.443s] GC(2) Concurrent Mark Cycle
[2026-04-14T12:24:16.869+0000][1.443s] GC(2) Concurrent Scan Root Regions
[2026-04-14T12:24:16.871+0000][1.445s] GC(2) Concurrent Scan Root Regions 1.612ms
[2026-04-14T12:24:16.871+0000][1.445s] GC(2) Concurrent Mark
[2026-04-14T12:24:16.871+0000][1.445s] GC(2) Concurrent Mark From Roots
[2026-04-14T12:24:16.871+0000][1.445s] GC(2) Using 5 workers of 5 for marking
[2026-04-14T12:24:16.873+0000][1.447s] GC(2) Concurrent Mark From Roots 1.743ms
[2026-04-14T12:24:16.873+0000][1.447s] GC(2) Concurrent Preclean
[2026-04-14T12:24:16.873+0000][1.447s] GC(2) Concurrent Preclean 0.127ms
[2026-04-14T12:24:16.873+0000][1.447s] GC(2) Pause Remark
[2026-04-14T12:24:16.876+0000][1.450s] GC(2) Pause Remark 30M->30M(512M) 2.512ms
[2026-04-14T12:24:16.876+0000][1.450s] GC(2) User=0.00s Sys=0.02s Real=0.00s
[2026-04-14T12:24:16.876+0000][1.450s] GC(2) Concurrent Mark 5.235ms
[2026-04-14T12:24:16.876+0000][1.450s] GC(2) Concurrent Rebuild Remembered Sets and Scrub Regions
[2026-04-14T12:24:16.877+0000][1.451s] GC(2) Concurrent Rebuild Remembered Sets and Scrub Regions 1.052ms
[2026-04-14T12:24:16.878+0000][1.452s] GC(2) Pause Cleanup
[2026-04-14T12:24:16.878+0000][1.452s] GC(2) Pause Cleanup 30M->30M(512M) 0.140ms
[2026-04-14T12:24:16.878+0000][1.452s] GC(2) User=0.00s Sys=0.00s Real=0.00s
[2026-04-14T12:24:16.879+0000][1.452s] GC(2) Concurrent Clear Claimed Marks
[2026-04-14T12:24:16.879+0000][1.452s] GC(2) Concurrent Clear Claimed Marks 0.164ms
[2026-04-14T12:24:16.879+0000][1.453s] GC(2) Concurrent Cleanup for Next Mark
[2026-04-14T12:24:16.879+0000][1.453s] GC(2) Concurrent Cleanup for Next Mark 0.378ms
[2026-04-14T12:24:16.879+0000][1.453s] GC(2) Concurrent Mark Cycle 10.446ms
[2026-04-14T12:24:17.570+0000][2.144s] GC(3) Pause Young (Prepare Mixed) (Metadata GC Threshold)
[2026-04-14T12:24:17.570+0000][2.144s] GC(3) Using 18 workers of 18 for evacuation
[2026-04-14T12:24:17.575+0000][2.149s] GC(3)   Pre Evacuate Collection Set: 0.32ms
[2026-04-14T12:24:17.575+0000][2.149s] GC(3)   Merge Heap Roots: 0.25ms
[2026-04-14T12:24:17.576+0000][2.149s] GC(3)   Evacuate Collection Set: 2.89ms
[2026-04-14T12:24:17.576+0000][2.149s] GC(3)   Post Evacuate Collection Set: 1.21ms
[2026-04-14T12:24:17.576+0000][2.150s] GC(3)   Other: 0.21ms
[2026-04-14T12:24:17.576+0000][2.150s] GC(3) Eden regions: 72->0(288)
[2026-04-14T12:24:17.576+0000][2.150s] GC(3) Survivor regions: 20->19(35)
[2026-04-14T12:24:17.576+0000][2.150s] GC(3) Old regions: 8->8
[2026-04-14T12:24:17.576+0000][2.150s] GC(3) Humongous regions: 4->4
[2026-04-14T12:24:17.576+0000][2.150s] GC(3) Metaspace: 35994K(36416K)->35994K(36416K) NonClass: 31641K(31872K)->31641K(31872K) Class: 4353K(4544K)->4353K(4544K)
[2026-04-14T12:24:17.577+0000][2.150s] GC(3) Pause Young (Prepare Mixed) (Metadata GC Threshold) 101M->29M(512M) 6.476ms
[2026-04-14T12:24:17.577+0000][2.151s] GC(3) User=0.04s Sys=0.01s Real=0.00s
[2026-04-14T12:24:17.582+0000][2.156s] GC(4) Pause Young (Mixed) (Metadata GC Threshold)
[2026-04-14T12:24:17.582+0000][2.156s] GC(4) Using 18 workers of 18 for evacuation
[2026-04-14T12:24:17.587+0000][2.160s] GC(4)   Pre Evacuate Collection Set: 0.33ms
[2026-04-14T12:24:17.587+0000][2.161s] GC(4)   Merge Heap Roots: 0.26ms
[2026-04-14T12:24:17.587+0000][2.161s] GC(4)   Evacuate Collection Set: 2.52ms
[2026-04-14T12:24:17.587+0000][2.161s] GC(4)   Post Evacuate Collection Set: 1.07ms
[2026-04-14T12:24:17.587+0000][2.161s] GC(4)   Other: 0.21ms
[2026-04-14T12:24:17.587+0000][2.161s] GC(4) Eden regions: 2->0(288)
[2026-04-14T12:24:17.588+0000][2.161s] GC(4) Survivor regions: 19->19(39)
[2026-04-14T12:24:17.588+0000][2.161s] GC(4) Old regions: 8->7
[2026-04-14T12:24:17.588+0000][2.162s] GC(4) Humongous regions: 4->4
[2026-04-14T12:24:17.588+0000][2.162s] GC(4) Metaspace: 36302K(36736K)->36302K(36736K) NonClass: 31915K(32192K)->31915K(32192K) Class: 4386K(4544K)->4386K(4544K)
[2026-04-14T12:24:17.588+0000][2.162s] GC(4) Pause Young (Mixed) (Metadata GC Threshold) 31M->29M(512M) 5.974ms
[2026-04-14T12:24:17.588+0000][2.162s] GC(4) User=0.03s Sys=0.01s Real=0.00s
[2026-04-14T12:24:17.597+0000][2.171s] GC(5) Pause Young (Concurrent Start) (Metadata GC Threshold)
[2026-04-14T12:24:17.597+0000][2.171s] GC(5) Using 18 workers of 18 for evacuation
[2026-04-14T12:24:17.602+0000][2.175s] GC(5)   Pre Evacuate Collection Set: 0.39ms
[2026-04-14T12:24:17.602+0000][2.176s] GC(5)   Merge Heap Roots: 0.23ms
[2026-04-14T12:24:17.602+0000][2.176s] GC(5)   Evacuate Collection Set: 2.64ms
[2026-04-14T12:24:17.602+0000][2.176s] GC(5)   Post Evacuate Collection Set: 0.98ms
[2026-04-14T12:24:17.602+0000][2.176s] GC(5)   Other: 0.21ms
[2026-04-14T12:24:17.602+0000][2.176s] GC(5) Eden regions: 2->0(287)
[2026-04-14T12:24:17.603+0000][2.176s] GC(5) Survivor regions: 19->20(39)
[2026-04-14T12:24:17.603+0000][2.176s] GC(5) Old regions: 7->7
[2026-04-14T12:24:17.603+0000][2.177s] GC(5) Humongous regions: 4->4
[2026-04-14T12:24:17.603+0000][2.177s] GC(5) Metaspace: 36541K(37056K)->36541K(37056K) NonClass: 32119K(32384K)->32119K(32384K) Class: 4422K(4672K)->4422K(4672K)
[2026-04-14T12:24:17.603+0000][2.177s] GC(5) Pause Young (Concurrent Start) (Metadata GC Threshold) 30M->30M(512M) 6.164ms
[2026-04-14T12:24:17.603+0000][2.177s] GC(5) User=0.02s Sys=0.02s Real=0.01s
[2026-04-14T12:24:17.603+0000][2.177s] GC(6) Concurrent Mark Cycle
[2026-04-14T12:24:17.603+0000][2.177s] GC(6) Concurrent Scan Root Regions
[2026-04-14T12:24:17.605+0000][2.178s] GC(6) Concurrent Scan Root Regions 1.154ms
[2026-04-14T12:24:17.605+0000][2.179s] GC(6) Concurrent Mark
[2026-04-14T12:24:17.605+0000][2.179s] GC(6) Concurrent Mark From Roots
[2026-04-14T12:24:17.605+0000][2.179s] GC(6) Using 5 workers of 5 for marking
[2026-04-14T12:24:17.607+0000][2.180s] GC(6) Concurrent Mark From Roots 1.680ms
[2026-04-14T12:24:17.607+0000][2.181s] GC(6) Concurrent Preclean
[2026-04-14T12:24:17.607+0000][2.181s] GC(6) Concurrent Preclean 0.153ms
[2026-04-14T12:24:17.607+0000][2.181s] GC(6) Pause Remark
[2026-04-14T12:24:17.610+0000][2.184s] GC(6) Pause Remark 31M->31M(512M) 2.504ms
[2026-04-14T12:24:17.610+0000][2.184s] GC(6) User=0.01s Sys=0.01s Real=0.00s
[2026-04-14T12:24:17.610+0000][2.184s] GC(6) Concurrent Mark 5.461ms
[2026-04-14T12:24:17.610+0000][2.184s] GC(6) Concurrent Rebuild Remembered Sets and Scrub Regions
[2026-04-14T12:24:17.612+0000][2.186s] GC(6) Concurrent Rebuild Remembered Sets and Scrub Regions 1.325ms
[2026-04-14T12:24:17.612+0000][2.186s] GC(6) Pause Cleanup
[2026-04-14T12:24:17.612+0000][2.186s] GC(6) Pause Cleanup 32M->32M(512M) 0.158ms
[2026-04-14T12:24:17.612+0000][2.186s] GC(6) User=0.00s Sys=0.00s Real=0.00s
[2026-04-14T12:24:17.612+0000][2.186s] GC(6) Concurrent Clear Claimed Marks
[2026-04-14T12:24:17.613+0000][2.186s] GC(6) Concurrent Clear Claimed Marks 0.141ms
[2026-04-14T12:24:17.613+0000][2.186s] GC(6) Concurrent Cleanup for Next Mark
[2026-04-14T12:24:17.613+0000][2.187s] GC(6) Concurrent Cleanup for Next Mark 0.438ms
[2026-04-14T12:24:17.613+0000][2.187s] GC(6) Concurrent Mark Cycle 10.112ms
[2026-04-14T12:24:23.585+0000][7.399s] GC(7) Pause Young (Concurrent Start) (Metadata GC Threshold)
[2026-04-14T12:24:23.585+0000][7.399s] GC(7) Using 18 workers of 18 for evacuation
[2026-04-14T12:24:23.593+0000][7.407s] GC(7)   Pre Evacuate Collection Set: 0.41ms
[2026-04-14T12:24:23.593+0000][7.407s] GC(7)   Merge Heap Roots: 0.26ms
[2026-04-14T12:24:23.593+0000][7.407s] GC(7)   Evacuate Collection Set: 5.74ms
[2026-04-14T12:24:23.593+0000][7.408s] GC(7)   Post Evacuate Collection Set: 1.34ms
[2026-04-14T12:24:23.594+0000][7.408s] GC(7)   Other: 0.21ms
[2026-04-14T12:24:23.594+0000][7.408s] GC(7) Eden regions: 179->0(268)
[2026-04-14T12:24:23.594+0000][7.408s] GC(7) Survivor regions: 20->39(39)
[2026-04-14T12:24:23.594+0000][7.408s] GC(7) Old regions: 7->8
[2026-04-14T12:24:23.594+0000][7.408s] GC(7) Humongous regions: 4->4
[2026-04-14T12:24:23.594+0000][7.408s] GC(7) Metaspace: 61505K(62016K)->61505K(62016K) NonClass: 53722K(54016K)->53722K(54016K) Class: 7783K(8000K)->7783K(8000K)
[2026-04-14T12:24:23.594+0000][7.408s] GC(7) Pause Young (Concurrent Start) (Metadata GC Threshold) 208M->50M(512M) 9.485ms
[2026-04-14T12:24:23.594+0000][7.409s] GC(7) User=0.06s Sys=0.02s Real=0.01s
[2026-04-14T12:24:23.594+0000][7.409s] GC(8) Concurrent Mark Cycle
[2026-04-14T12:24:23.595+0000][7.409s] GC(8) Concurrent Scan Root Regions
[2026-04-14T12:24:23.597+0000][7.411s] GC(8) Concurrent Scan Root Regions 2.246ms
[2026-04-14T12:24:23.597+0000][7.411s] GC(8) Concurrent Mark
[2026-04-14T12:24:23.597+0000][7.411s] GC(8) Concurrent Mark From Roots
[2026-04-14T12:24:23.597+0000][7.412s] GC(8) Using 5 workers of 5 for marking
[2026-04-14T12:24:23.599+0000][7.413s] GC(8) Concurrent Mark From Roots 1.718ms
[2026-04-14T12:24:23.599+0000][7.413s] GC(8) Concurrent Preclean
[2026-04-14T12:24:23.599+0000][7.413s] GC(8) Concurrent Preclean 0.119ms
[2026-04-14T12:24:23.599+0000][7.414s] GC(8) Pause Remark
[2026-04-14T12:24:23.602+0000][7.416s] GC(8) Pause Remark 51M->51M(512M) 2.750ms
[2026-04-14T12:24:23.602+0000][7.416s] GC(8) User=0.02s Sys=0.01s Real=0.01s
[2026-04-14T12:24:23.603+0000][7.417s] GC(8) Concurrent Mark 5.380ms
[2026-04-14T12:24:23.603+0000][7.417s] GC(8) Concurrent Rebuild Remembered Sets and Scrub Regions
[2026-04-14T12:24:23.604+0000][7.418s] GC(8) Concurrent Rebuild Remembered Sets and Scrub Regions 1.244ms
[2026-04-14T12:24:23.604+0000][7.418s] GC(8) Pause Cleanup
[2026-04-14T12:24:23.604+0000][7.418s] GC(8) Pause Cleanup 51M->51M(512M) 0.202ms
[2026-04-14T12:24:23.604+0000][7.419s] GC(8) User=0.00s Sys=0.00s Real=0.00s
[2026-04-14T12:24:23.605+0000][7.419s] GC(8) Concurrent Clear Claimed Marks
[2026-04-14T12:24:23.605+0000][7.419s] GC(8) Concurrent Clear Claimed Marks 0.158ms
[2026-04-14T12:24:23.605+0000][7.419s] GC(8) Concurrent Cleanup for Next Mark
[2026-04-14T12:24:23.605+0000][7.420s] GC(8) Concurrent Cleanup for Next Mark 0.439ms
[2026-04-14T12:24:23.606+0000][7.420s] GC(8) Concurrent Mark Cycle 11.104ms
[2026-04-14T15:30:12.998+0000][10711.848s] GC(9) Pause Young (Prepare Mixed) (G1 Evacuation Pause)
[2026-04-14T15:30:12.999+0000][10711.849s] GC(9) Using 18 workers of 18 for evacuation
[2026-04-14T15:30:13.048+0000][10711.898s] GC(9)   Pre Evacuate Collection Set: 1.33ms
[2026-04-14T15:30:13.048+0000][10711.898s] GC(9)   Merge Heap Roots: 1.00ms
[2026-04-14T15:30:13.048+0000][10711.898s] GC(9)   Evacuate Collection Set: 40.12ms
[2026-04-14T15:30:13.048+0000][10711.898s] GC(9)   Post Evacuate Collection Set: 5.42ms
[2026-04-14T15:30:13.049+0000][10711.899s] GC(9)   Other: 1.47ms
[2026-04-14T15:30:13.049+0000][10711.899s] GC(9) Eden regions: 268->0(301)
[2026-04-14T15:30:13.049+0000][10711.899s] GC(9) Survivor regions: 39->6(39)
[2026-04-14T15:30:13.049+0000][10711.899s] GC(9) Old regions: 8->46
[2026-04-14T15:30:13.049+0000][10711.899s] GC(9) Humongous regions: 4->4
[2026-04-14T15:30:13.049+0000][10711.899s] GC(9) Metaspace: 65647K(66368K)->65647K(66368K) NonClass: 57566K(57984K)->57566K(57984K) Class: 8081K(8384K)->8081K(8384K)
[2026-04-14T15:30:13.050+0000][10711.900s] GC(9) Pause Young (Prepare Mixed) (G1 Evacuation Pause) 318M->55M(512M) 51.997ms
[2026-04-14T15:30:13.050+0000][10711.900s] GC(9) User=0.75s Sys=0.00s Real=0.05s
[2026-04-14T18:09:04.642+0000][19784.356s] Heap
[2026-04-14T18:09:04.642+0000][19784.357s]  garbage-first heap   total reserved 524288K, committed 524288K, used 215947K [0x00000000e0000000, 0x0000000100000000)
[2026-04-14T18:09:04.642+0000][19784.357s]   region size 1024K, 162 young (165888K), 6 survivors (6144K)
[2026-04-14T18:09:04.643+0000][19784.357s]  Metaspace       used 66213K, committed 66880K, reserved 1114112K
[2026-04-14T18:09:04.643+0000][19784.357s]   class space    used 8138K, committed 8384K, reserved 1048576K
